// Jest Snapshot v1, https://goo.gl/fbAQLP

exports[`SignOutBtn component Matches snapshot 1`] = `
<div
  class="flex flex-col justify-center h-full"
  data-testid="signout-btn"
>
  <button
    class="m-2 border p-2 rounded flex flex-row items-center w-72 hover:bg-slate-200 active:bg-slate-300 justify-center"
  >
    Sign out
  </button>
</div>
`;
